[20авг.2025 13:15:38.951] [main/INFO] [cpw.mods.modlauncher.Launcher/MODLAUNCHER]: ModLauncher running: args [--launchTarget, forgeclientuserdev, --version, 21.1.65, --assetIndex, 17, --assetsDir, C:\\Users\\delta\\.gradle\\caches\\neoformruntime\\assets, --gameDir, ., --fml.neoForgeVersion, 21.1.65, --fml.fmlVersion, 4.0.24, --fml.mcVersion, 1.21.1, --fml.neoFormVersion, 20240808.144430]
[20авг.2025 13:15:38.954] [main/INFO] [cpw.mods.modlauncher.Launcher/MODLAUNCHER]: JVM identified as Oracle Corporation Java HotSpot(TM) 64-Bit Server VM 21.0.6+8-LTS-188
[20авг.2025 13:15:38.957] [main/INFO] [cpw.mods.modlauncher.Launcher/MODLAUNCHER]: ModLauncher 11.0.4+main.d2e20e43 starting: java version 21.0.6 by Oracle Corporation; OS Windows 11 arch amd64 version 10.0
[20авг.2025 13:15:39.080] [main/INFO] [net.neoforged.fml.loading.ImmediateWindowHandler/]: Loading ImmediateWindowProvider fmlearlywindow
[20авг.2025 13:15:39.194] [main/INFO] [EARLYDISPLAY/]: Trying GL version 4.6
[20авг.2025 13:15:39.334] [main/INFO] [EARLYDISPLAY/]: Requested GL version 4.6 got version 4.6
[20авг.2025 13:15:39.497] [main/INFO] [mixin/]: SpongePowered MIXIN Subsystem Version=0.8.7 Source=union:/C:/Users/delta/.gradle/caches/modules-2/files-2.1/net.fabricmc/sponge-mixin/0.15.2+mixin.0.8.7/2af2f021d8e02a0220dc27a7a72b4666d66d44ca/sponge-mixin-0.15.2+mixin.0.8.7.jar%23131!/ Service=ModLauncher Env=CLIENT
[20авг.2025 13:15:39.783] [pool-2-thread-1/INFO] [EARLYDISPLAY/]: GL info: NVIDIA GeForce RTX 3060/PCIe/SSE2 GL version 4.6.0 NVIDIA 580.97, NVIDIA Corporation
[20авг.2025 13:15:40.077] [main/INFO] [net.neoforged.fml.loading.moddiscovery.locators.JarInJarDependencyLocator/]: Found 2 dependencies adding them to mods collection
[20авг.2025 13:15:45.506] [main/INFO] [mixin/]: Compatibility level set to JAVA_17
[20авг.2025 13:15:45.516] [main/INFO] [cpw.mods.modlauncher.LaunchServiceHandler/MODLAUNCHER]: Launching target 'forgeclientuserdev' with arguments [--version, 21.1.65, --gameDir, ., --assetsDir, C:\Users\delta\.gradle\caches\neoformruntime\assets, --assetIndex, 17]
[20авг.2025 13:15:45.561] [main/WARN] [mixin/]: Reference map 'geckolib.refmap.json' for geckolib.mixins.json could not be read. If this is a development environment you can ignore this message
[20авг.2025 13:15:45.562] [main/WARN] [mixin/]: Reference map 'prapor.refmap.json' for mixins.praporupdate.json could not be read. If this is a development environment you can ignore this message
[20авг.2025 13:15:46.941] [Datafixer Bootstrap/INFO] [com.mojang.datafixers.DataFixerBuilder/]: 229 Datafixer optimizations took 339 milliseconds
[20авг.2025 13:15:47.067] [pool-8-thread-1/INFO] [MixinExtras|Service/]: Initializing MixinExtras via com.llamalad7.mixinextras.service.MixinExtrasServiceImpl(version=0.4.1).
[20авг.2025 13:15:51.419] [main/WARN] [net.minecraft.commands.Commands/]: Ambiguity between arguments [teleport, location] and [teleport, destination] with inputs: [0.1 -0.5 .9, 0 0 0]
[20авг.2025 13:15:51.420] [main/WARN] [net.minecraft.commands.Commands/]: Ambiguity between arguments [teleport, location] and [teleport, targets] with inputs: [0.1 -0.5 .9, 0 0 0]
[20авг.2025 13:15:51.422] [main/WARN] [net.minecraft.commands.Commands/]: Ambiguity between arguments [teleport, destination] and [teleport, targets] with inputs: [Player, 0123, @e, dd12be42-52a9-4a91-a8a1-11c01849e498]
[20авг.2025 13:15:51.425] [main/WARN] [net.minecraft.commands.Commands/]: Ambiguity between arguments [teleport, targets] and [teleport, destination] with inputs: [Player, 0123, dd12be42-52a9-4a91-a8a1-11c01849e498]
[20авг.2025 13:15:51.426] [main/WARN] [net.minecraft.commands.Commands/]: Ambiguity between arguments [teleport, targets, location] and [teleport, targets, destination] with inputs: [0.1 -0.5 .9, 0 0 0]
[20авг.2025 13:15:51.525] [Render thread/WARN] [net.minecraft.server.packs.VanillaPackResourcesBuilder/]: Assets URL 'union:/Z:/MCreatorWorkspaces/praporupdate/build/moddev/artifacts/neoforge-21.1.65-minecraft-merged.jar%23183!/assets/.mcassetsroot' uses unexpected schema
[20авг.2025 13:15:51.525] [Render thread/WARN] [net.minecraft.server.packs.VanillaPackResourcesBuilder/]: Assets URL 'union:/Z:/MCreatorWorkspaces/praporupdate/build/moddev/artifacts/neoforge-21.1.65-minecraft-merged.jar%23183!/data/.mcassetsroot' uses unexpected schema
[20авг.2025 13:15:51.547] [Render thread/INFO] [com.mojang.authlib.yggdrasil.YggdrasilAuthenticationService/]: Environment: Environment[sessionHost=https://sessionserver.mojang.com, servicesHost=https://api.minecraftservices.com, name=PROD]
[20авг.2025 13:15:51.557] [Render thread/INFO] [net.minecraft.client.Minecraft/]: Setting user: Dev
[20авг.2025 13:15:51.629] [Render thread/INFO] [net.minecraft.client.Minecraft/]: Backend library: LWJGL version 3.3.3+5
[20авг.2025 13:15:51.835] [modloading-worker-0/INFO] [net.neoforged.neoforge.common.NeoForgeMod/NEOFORGE-MOD]: NeoForge mod loading, version 21.1.65, for MC 1.21.1
[20авг.2025 13:15:52.762] [Render thread/INFO] [net.neoforged.neoforge.gametest.GameTestHooks/]: Enabled Gametest Namespaces: []
[20авг.2025 13:15:53.074] [Render thread/INFO] [net.minecraft.server.packs.resources.ReloadableResourceManager/]: Reloading ResourceManager: vanilla, mod_resources, mod/geckolib, mod/neoforge, mod/prapor
[20авг.2025 13:15:53.313] [Worker-Main-5/INFO] [net.minecraft.client.gui.font.providers.UnihexProvider/]: Found unifont_all_no_pua-15.1.05.hex, loading
[20авг.2025 13:15:53.339] [Worker-Main-4/INFO] [net.minecraft.client.gui.font.providers.UnihexProvider/]: Found unifont_jp_patch-15.1.05.hex, loading
[20авг.2025 13:15:54.839] [Render thread/WARN] [net.minecraft.client.sounds.SoundEngine/]: Missing sound for event: minecraft:item.goat_horn.play
[20авг.2025 13:15:54.840] [Render thread/WARN] [net.minecraft.client.sounds.SoundEngine/]: Missing sound for event: minecraft:entity.goat.screaming.horn_break
[20авг.2025 13:15:54.931] [Render thread/INFO] [com.mojang.blaze3d.audio.Library/]: OpenAL initialized on device OpenAL Soft on Динамики (2- fifine Headset)
[20авг.2025 13:15:54.932] [Render thread/INFO] [net.minecraft.client.sounds.SoundEngine/SOUNDS]: Sound engine started
[20авг.2025 13:15:55.122] [Render thread/INFO] [net.minecraft.client.renderer.texture.TextureAtlas/]: Created: 1024x512x2 minecraft:textures/atlas/blocks.png-atlas
[20авг.2025 13:15:55.132] [Render thread/INFO] [net.minecraft.client.renderer.texture.TextureAtlas/]: Created: 256x256x2 minecraft:textures/atlas/signs.png-atlas
[20авг.2025 13:15:55.132] [Render thread/INFO] [net.minecraft.client.renderer.texture.TextureAtlas/]: Created: 512x512x2 minecraft:textures/atlas/banner_patterns.png-atlas
[20авг.2025 13:15:55.132] [Render thread/INFO] [net.minecraft.client.renderer.texture.TextureAtlas/]: Created: 512x512x2 minecraft:textures/atlas/shield_patterns.png-atlas
[20авг.2025 13:15:55.132] [Render thread/INFO] [net.minecraft.client.renderer.texture.TextureAtlas/]: Created: 1024x1024x2 minecraft:textures/atlas/armor_trims.png-atlas
[20авг.2025 13:15:55.135] [Render thread/INFO] [net.minecraft.client.renderer.texture.TextureAtlas/]: Created: 128x64x2 minecraft:textures/atlas/decorated_pot.png-atlas
[20авг.2025 13:15:55.135] [Render thread/INFO] [net.minecraft.client.renderer.texture.TextureAtlas/]: Created: 256x256x2 minecraft:textures/atlas/chest.png-atlas
[20авг.2025 13:15:55.135] [Render thread/INFO] [net.minecraft.client.renderer.texture.TextureAtlas/]: Created: 512x256x2 minecraft:textures/atlas/beds.png-atlas
[20авг.2025 13:15:55.135] [Render thread/INFO] [net.minecraft.client.renderer.texture.TextureAtlas/]: Created: 512x256x2 minecraft:textures/atlas/shulker_boxes.png-atlas
[20авг.2025 13:15:55.220] [Render thread/INFO] [net.minecraft.client.renderer.texture.TextureAtlas/]: Created: 512x256x0 minecraft:textures/atlas/particles.png-atlas
[20авг.2025 13:15:55.222] [Render thread/INFO] [net.minecraft.client.renderer.texture.TextureAtlas/]: Created: 512x512x0 minecraft:textures/atlas/paintings.png-atlas
[20авг.2025 13:15:55.222] [Render thread/INFO] [net.minecraft.client.renderer.texture.TextureAtlas/]: Created: 128x512x0 minecraft:textures/atlas/mob_effects.png-atlas
[20авг.2025 13:15:55.222] [Render thread/INFO] [net.minecraft.client.renderer.texture.TextureAtlas/]: Created: 64x64x0 minecraft:textures/atlas/map_decorations.png-atlas
[20авг.2025 13:15:55.223] [Render thread/INFO] [net.minecraft.client.renderer.texture.TextureAtlas/]: Created: 1024x512x0 minecraft:textures/atlas/gui.png-atlas
[20авг.2025 13:15:55.440] [Render thread/WARN] [net.minecraft.client.renderer.ShaderInstance/]: Shader rendertype_entity_translucent_emissive could not find sampler named Sampler2 in the specified shader program.
[20авг.2025 13:15:55.531] [Render thread/INFO] [net.neoforged.neoforge.client.entity.animation.json.AnimationLoader/]: Loaded 0 entity animations
[20авг.2025 13:15:59.393] [Render thread/INFO] [net.minecraft.world.item.crafting.RecipeManager/]: Loaded 1300 recipes
[20авг.2025 13:15:59.525] [Render thread/INFO] [net.minecraft.advancements.AdvancementTree/]: Loaded 1413 advancements
[20авг.2025 13:15:59.934] [Server thread/INFO] [net.minecraft.client.server.IntegratedServer/]: Starting integrated minecraft server version 1.21.1
[20авг.2025 13:15:59.935] [Server thread/INFO] [net.minecraft.server.MinecraftServer/]: Generating keypair
[20авг.2025 13:16:00.688] [Server thread/INFO] [net.minecraft.server.MinecraftServer/]: Preparing start region for dimension minecraft:overworld
[20авг.2025 13:16:01.008] [progressListener/INFO] [net.minecraft.server.level.progress.LoggerChunkProgressListener/]: Подготовка области возрождения: 0%
[20авг.2025 13:16:01.209] [progressListener/INFO] [net.minecraft.server.level.progress.LoggerChunkProgressListener/]: Подготовка области возрождения: 65%
[20авг.2025 13:16:01.288] [Server thread/INFO] [net.neoforged.neoforge.server.permission.PermissionAPI/]: Successfully initialized permission handler neoforge:default_handler
[20авг.2025 13:16:01.300] [progressListener/INFO] [net.minecraft.server.level.progress.LoggerChunkProgressListener/]: Time elapsed: 606 ms
[20авг.2025 13:16:01.372] [Server thread/INFO] [net.minecraft.client.server.IntegratedServer/]: Changing view distance to 21, from 10
[20авг.2025 13:16:01.372] [Server thread/INFO] [net.minecraft.client.server.IntegratedServer/]: Changing simulation distance to 12, from 0
[20авг.2025 13:16:02.043] [Server thread/INFO] [net.minecraft.server.players.PlayerList/]: Dev[local:E:07d728ad] logged in with entity id 70 at (1262.0880291285503, 61.0, 862.1803236098956)
[20авг.2025 13:16:02.091] [Server thread/INFO] [net.minecraft.server.MinecraftServer/]: Dev присоединился к игре
[20авг.2025 13:16:02.295] [Render thread/INFO] [net.minecraft.advancements.AdvancementTree/]: Loaded 105 advancements
[20авг.2025 13:16:43.408] [Server thread/INFO] [net.minecraft.server.MinecraftServer/]: [Dev: Ваш режим игры изменён на Режим выживания]
[20авг.2025 13:16:43.414] [Render thread/INFO] [net.minecraft.client.gui.components.ChatComponent/]: [System] [CHAT] Ваш режим игры изменён на Режим выживания
[20авг.2025 13:16:45.550] [Server thread/INFO] [net.minecraft.server.MinecraftServer/]: [Dev: Ваш режим игры изменён на Творческий режим]
[20авг.2025 13:16:45.558] [Render thread/INFO] [net.minecraft.client.gui.components.ChatComponent/]: [System] [CHAT] Ваш режим игры изменён на Творческий режим
[20авг.2025 13:16:47.459] [Server thread/INFO] [net.minecraft.server.MinecraftServer/]: [Dev: Ваш режим игры изменён на Режим выживания]
[20авг.2025 13:16:47.460] [Render thread/INFO] [net.minecraft.client.gui.components.ChatComponent/]: [System] [CHAT] Ваш режим игры изменён на Режим выживания
[20авг.2025 13:16:49.855] [Server thread/INFO] [net.minecraft.server.MinecraftServer/]: [Dev: Ваш режим игры изменён на Творческий режим]
[20авг.2025 13:16:49.860] [Render thread/INFO] [net.minecraft.client.gui.components.ChatComponent/]: [System] [CHAT] Ваш режим игры изменён на Творческий режим
[20авг.2025 13:16:51.814] [Server thread/INFO] [net.minecraft.server.MinecraftServer/]: [Dev: Ваш режим игры изменён на Режим выживания]
[20авг.2025 13:16:51.815] [Render thread/INFO] [net.minecraft.client.gui.components.ChatComponent/]: [System] [CHAT] Ваш режим игры изменён на Режим выживания
[20авг.2025 13:16:55.535] [Server thread/INFO] [net.minecraft.server.MinecraftServer/]: Dev разбился насмерть
[20авг.2025 13:16:55.549] [Render thread/INFO] [net.minecraft.client.gui.components.ChatComponent/]: [System] [CHAT] Dev разбился насмерть
[20авг.2025 13:16:57.674] [Server thread/INFO] [net.minecraft.server.MinecraftServer/]: [Dev: Ваш режим игры изменён на Творческий режим]
[20авг.2025 13:16:57.685] [Render thread/INFO] [net.minecraft.client.gui.components.ChatComponent/]: [System] [CHAT] Ваш режим игры изменён на Творческий режим
[20авг.2025 13:17:03.323] [Server thread/INFO] [net.minecraft.server.MinecraftServer/]: [Dev: Ваш режим игры изменён на Режим выживания]
[20авг.2025 13:17:03.324] [Render thread/INFO] [net.minecraft.client.gui.components.ChatComponent/]: [System] [CHAT] Ваш режим игры изменён на Режим выживания
[20авг.2025 13:17:10.435] [Server thread/INFO] [net.minecraft.server.MinecraftServer/]: Dev разбился насмерть
[20авг.2025 13:17:10.445] [Render thread/INFO] [net.minecraft.client.gui.components.ChatComponent/]: [System] [CHAT] Dev разбился насмерть
[20авг.2025 13:17:34.690] [Server thread/INFO] [net.minecraft.server.MinecraftServer/]: Dev свалился благодаря Эндермен
[20авг.2025 13:17:34.697] [Render thread/INFO] [net.minecraft.client.gui.components.ChatComponent/]: [System] [CHAT] Dev свалился благодаря Эндермен
[20авг.2025 13:17:39.637] [Server thread/INFO] [net.minecraft.server.MinecraftServer/]: Dev разбился насмерть
[20авг.2025 13:17:39.642] [Render thread/INFO] [net.minecraft.client.gui.components.ChatComponent/]: [System] [CHAT] Dev разбился насмерть
[20авг.2025 13:18:15.047] [Server thread/INFO] [net.minecraft.server.MinecraftServer/]: Dev разбился вдребезги
[20авг.2025 13:18:15.050] [Render thread/INFO] [net.minecraft.client.gui.components.ChatComponent/]: [System] [CHAT] Dev разбился вдребезги
[20авг.2025 13:18:30.485] [Server thread/INFO] [net.minecraft.server.MinecraftServer/]: Dev свалился благодаря Эндермен
[20авг.2025 13:18:30.494] [Render thread/INFO] [net.minecraft.client.gui.components.ChatComponent/]: [System] [CHAT] Dev свалился благодаря Эндермен
[20авг.2025 13:18:37.368] [Server thread/INFO] [net.minecraft.server.MinecraftServer/]: [Dev: Ваш режим игры изменён на Творческий режим]
[20авг.2025 13:18:37.368] [Render thread/INFO] [net.minecraft.client.gui.components.ChatComponent/]: [System] [CHAT] Ваш режим игры изменён на Творческий режим
[20авг.2025 13:18:39.509] [Server thread/INFO] [net.minecraft.server.MinecraftServer/]: [Dev: Ваш режим игры изменён на Режим наблюдателя]
[20авг.2025 13:18:39.509] [Render thread/INFO] [net.minecraft.client.gui.components.ChatComponent/]: [System] [CHAT] Ваш режим игры изменён на Режим наблюдателя
[20авг.2025 13:18:45.182] [Server thread/INFO] [net.minecraft.server.MinecraftServer/]: [Dev: Ваш режим игры изменён на Творческий режим]
[20авг.2025 13:18:45.187] [Render thread/INFO] [net.minecraft.client.gui.components.ChatComponent/]: [System] [CHAT] Ваш режим игры изменён на Творческий режим
[20авг.2025 13:18:50.899] [Server thread/INFO] [net.minecraft.server.MinecraftServer/]: [Dev: Ваш режим игры изменён на Режим наблюдателя]
[20авг.2025 13:18:50.900] [Render thread/INFO] [net.minecraft.client.gui.components.ChatComponent/]: [System] [CHAT] Ваш режим игры изменён на Режим наблюдателя
[20авг.2025 13:18:51.876] [Render thread/INFO] [net.minecraft.client.gui.components.ChatComponent/]: [System] [CHAT] Снимок экрана сохранён как 2025-08-20_13.18.51.png
[20авг.2025 13:18:52.401] [Server thread/INFO] [net.minecraft.server.MinecraftServer/]: [Dev: Ваш режим игры изменён на Творческий режим]
[20авг.2025 13:18:52.401] [Render thread/INFO] [net.minecraft.client.gui.components.ChatComponent/]: [System] [CHAT] Ваш режим игры изменён на Творческий режим
[20авг.2025 13:18:53.163] [Server thread/INFO] [net.minecraft.server.MinecraftServer/]: [Dev: Ваш режим игры изменён на Режим выживания]
[20авг.2025 13:18:53.165] [Render thread/INFO] [net.minecraft.client.gui.components.ChatComponent/]: [System] [CHAT] Ваш режим игры изменён на Режим выживания
[20авг.2025 13:18:59.688] [Server thread/INFO] [net.minecraft.server.MinecraftServer/]: Dev свалился благодаря Эндермен
[20авг.2025 13:18:59.700] [Render thread/INFO] [net.minecraft.client.gui.components.ChatComponent/]: [System] [CHAT] Dev свалился благодаря Эндермен
[20авг.2025 13:19:19.792] [Server thread/INFO] [net.minecraft.server.MinecraftServer/]: Dev разбился насмерть
[20авг.2025 13:19:19.796] [Render thread/INFO] [net.minecraft.client.gui.components.ChatComponent/]: [System] [CHAT] Dev разбился насмерть
[20авг.2025 13:19:30.693] [Server thread/INFO] [net.minecraft.server.MinecraftServer/]: Dev разбился насмерть
[20авг.2025 13:19:30.695] [Render thread/INFO] [net.minecraft.client.gui.components.ChatComponent/]: [System] [CHAT] Dev разбился насмерть
[20авг.2025 13:19:33.999] [Server thread/INFO] [net.minecraft.server.MinecraftServer/]: [Dev: Ваш режим игры изменён на Творческий режим]
[20авг.2025 13:19:34.002] [Render thread/INFO] [net.minecraft.client.gui.components.ChatComponent/]: [System] [CHAT] Ваш режим игры изменён на Творческий режим
[20авг.2025 13:19:39.443] [Server thread/INFO] [net.minecraft.server.MinecraftServer/]: [Dev: Ваш режим игры изменён на Режим выживания]
[20авг.2025 13:19:39.448] [Render thread/INFO] [net.minecraft.client.gui.components.ChatComponent/]: [System] [CHAT] Ваш режим игры изменён на Режим выживания
[20авг.2025 13:19:51.442] [Server thread/INFO] [net.minecraft.server.MinecraftServer/]: Dev разбился насмерть
[20авг.2025 13:19:51.447] [Render thread/INFO] [net.minecraft.client.gui.components.ChatComponent/]: [System] [CHAT] Dev разбился насмерть
[20авг.2025 13:19:59.442] [Server thread/INFO] [net.minecraft.server.MinecraftServer/]: Dev свалился благодаря Эндермен
[20авг.2025 13:19:59.448] [Render thread/INFO] [net.minecraft.client.gui.components.ChatComponent/]: [System] [CHAT] Dev свалился благодаря Эндермен
[20авг.2025 13:20:25.494] [Server thread/INFO] [net.minecraft.server.MinecraftServer/]: Dev свалился благодаря Эндермен
[20авг.2025 13:20:25.497] [Render thread/INFO] [net.minecraft.client.gui.components.ChatComponent/]: [System] [CHAT] Dev свалился благодаря Эндермен
[20авг.2025 13:20:44.540] [Server thread/INFO] [net.minecraft.server.MinecraftServer/]: Dev был убит Эндермен
[20авг.2025 13:20:44.552] [Render thread/INFO] [net.minecraft.client.gui.components.ChatComponent/]: [System] [CHAT] Dev был убит Эндермен
[20авг.2025 13:20:56.892] [Server thread/INFO] [net.minecraft.client.server.IntegratedServer/]: Saving and pausing game...
[20авг.2025 13:20:56.920] [Server thread/INFO] [net.minecraft.server.MinecraftServer/]: Saving chunks for level 'ServerLevel[Новый мир]'/minecraft:overworld
[20авг.2025 13:20:57.033] [Server thread/INFO] [net.minecraft.server.MinecraftServer/]: Saving chunks for level 'ServerLevel[Новый мир]'/minecraft:the_nether
[20авг.2025 13:20:57.238] [Server thread/INFO] [net.minecraft.server.MinecraftServer/]: Saving chunks for level 'ServerLevel[Новый мир]'/minecraft:the_end
[20авг.2025 13:20:57.855] [Render thread/INFO] [net.minecraft.client.Minecraft/]: Stopping!
[20авг.2025 13:20:57.943] [Server thread/INFO] [net.minecraft.server.network.ServerGamePacketListenerImpl/]: Dev lost connection: Отключение
[20авг.2025 13:20:57.943] [Server thread/INFO] [net.minecraft.server.MinecraftServer/]: Dev покинул игру
[20авг.2025 13:20:57.966] [Server thread/INFO] [net.minecraft.server.network.ServerCommonPacketListenerImpl/]: Stopping singleplayer server as player logged out
[20авг.2025 13:20:57.975] [Server thread/INFO] [net.minecraft.server.MinecraftServer/]: Stopping server
[20авг.2025 13:20:57.976] [Server thread/INFO] [net.minecraft.server.MinecraftServer/]: Saving players
[20авг.2025 13:20:57.976] [Server thread/INFO] [net.minecraft.server.MinecraftServer/]: Saving worlds
